// Jest Snapshot v1, https://goo.gl/fbAQLP

exports[`About component snapshot 1`] = `
"<div>
  <div class=\\"page\\">
    <div>
      <a href=\\"#!/\\">Home</a> <span>|</span> <a href=
      \\"#!/about\\">About</a> <span>|</span> <a href=
      \\"#!/scenariomaker\\">シナリオ作成</a>
    </div>
    <h2>
      このページについて
    </h2>
    <p>
      惨劇RoopeRをオンラインで遊ぶツールです。
    </p>
  </div>
</div>
"
`;
